[  2%] Built target Shaders
[ 15%] Built target core
[ 16%] Building CXX object src/ui/CMakeFiles/ui.dir/UI.cpp.o
[ 17%] Building CXX object src/ui/CMakeFiles/ui.dir/panels/NarrativePanel.cpp.o
[ 19%] Linking CXX static library ../../lib/libui.a
[ 41%] Built target ui
[ 61%] Built target world3d
[ 63%] Building CXX object src/application/CMakeFiles/application.dir/Session.cpp.o
[ 64%] Building CXX object src/application/CMakeFiles/application.dir/Application.cpp.o
[ 65%] Linking CXX static library ../../lib/libapplication.a
[ 65%] Built target application
[ 72%] Built target infrastructure
[ 73%] Building CXX object CMakeFiles/SisterSTRATA.dir/src/main.cpp.o
[ 75%] Linking CXX executable bin/SisterSTRATA
[ 75%] Built target SisterSTRATA
[ 78%] Built target core_tests
[ 80%] Built target patch_analysis_tests
[ 83%] Built target soil_rasterizer_tests
[ 86%] Built target patch_trajectory_test
[ 89%] Built target trajectory_lod_tests
[ 90%] Linking CXX executable ../../bin/veg_vector_tests
[ 91%] Built target veg_vector_tests
[ 94%] Built target observational_tests
[ 95%] Building CXX object tests/application/CMakeFiles/application_tests.dir/TestUseCases.cpp.o
[ 97%] Linking CXX executable ../../bin/application_tests
[ 97%] Built target application_tests
[ 98%] Linking CXX executable ../../bin/infrastructure_tests
[100%] Built target infrastructure_tests
