-- Using the multi-header code from /run/media/jpereiratrindade/labeco10T/dev/cpp/SisterSTRATA/build/_deps/json-src/include/
CMake Warning (dev) at /usr/share/cmake/Modules/FetchContent.cmake:1373 (message):
  The DOWNLOAD_EXTRACT_TIMESTAMP option was not given and policy CMP0135 is
  not set.  The policy's OLD behavior will be used.  When using a URL
  download, the timestamps of extracted files should preferably be that of
  the time of extraction, otherwise code that depends on the extracted
  contents might not be rebuilt if the URL changes.  The OLD behavior
  preserves the timestamps from the archive instead, but this is usually not
  what you want.  Update your project to the NEW behavior or specify the
  DOWNLOAD_EXTRACT_TIMESTAMP option with a value of true to avoid this
  robustness issue.
Call Stack (most recent call first):
  tests/CMakeLists.txt:2 (FetchContent_Declare)
This warning is for project developers.  Use -Wno-dev to suppress it.

-- Configuring done (0.6s)
-- Generating done (0.0s)
-- Build files have been written to: /run/media/jpereiratrindade/labeco10T/dev/cpp/SisterSTRATA/build
[  2%] Built target Shaders
[ 12%] Built target core
[ 36%] Built target ui
[ 53%] Built target world3d
[ 56%] Built target application
[ 62%] Built target infrastructure
[ 64%] Built target SisterSTRATA
[ 67%] Built target gtest
[ 69%] Built target gmock
[ 71%] Built target gmock_main
[ 73%] Built target gtest_main
[ 76%] Built target core_tests
[ 78%] Built target patch_analysis_tests
[ 80%] Built target soil_rasterizer_tests
[ 82%] Built target patch_trajectory_test
[ 85%] Built target trajectory_lod_tests
[ 87%] Built target veg_vector_tests
[ 89%] Built target observational_tests_legacy
[ 90%] Building CXX object tests/observational/CMakeFiles/observational_impact_tests.dir/impact_profile/TrajectoryImpactAnalyzerTest.cpp.o
[ 92%] Building CXX object tests/observational/CMakeFiles/observational_impact_tests.dir/impact_profile/TrajectoryImpactProfileTest.cpp.o
[ 93%] Linking CXX executable ../../bin/observational_impact_tests
[ 93%] Built target observational_impact_tests
[ 94%] Building CXX object tests/application/CMakeFiles/application_tests.dir/TestUseCases.cpp.o
[ 95%] Linking CXX executable ../../bin/application_tests
[ 95%] Built target application_tests
[ 96%] Building CXX object tests/application/CMakeFiles/application_mapper_tests.dir/ImpactProfileMapperTest.cpp.o
[ 97%] Linking CXX executable ../../bin/application_mapper_tests
[ 97%] Built target application_mapper_tests
[ 98%] Linking CXX executable ../../bin/infrastructure_tests
[100%] Built target infrastructure_tests
