-- Using the multi-header code from /run/media/jpereiratrindade/labeco10T/dev/cpp/SisterSTRATA/build/_deps/json-src/include/
-- Configuring done (0.4s)
-- Generating done (0.0s)
-- Build files have been written to: /run/media/jpereiratrindade/labeco10T/dev/cpp/SisterSTRATA/build
[  2%] Built target Shaders
[ 15%] Built target core
[ 16%] Building CXX object src/ui/CMakeFiles/ui.dir/UI.cpp.o
In file included from /run/media/jpereiratrindade/labeco10T/dev/cpp/SisterSTRATA/src/ui/panels/NarrativePanel.hpp:3,
                 from /run/media/jpereiratrindade/labeco10T/dev/cpp/SisterSTRATA/src/ui/UI.hpp:18,
                 from /run/media/jpereiratrindade/labeco10T/dev/cpp/SisterSTRATA/src/ui/UI.cpp:1:
/run/media/jpereiratrindade/labeco10T/dev/cpp/SisterSTRATA/src/application/Session.hpp:37:40: error: ‘Ports’ was not declared in this scope; did you mean ‘Application::Ports’?
   37 |     void setLLMService(std::unique_ptr<Ports::ILLMService> llmService) {
      |                                        ^~~~~
      |                                        Application::Ports
In file included from /run/media/jpereiratrindade/labeco10T/dev/cpp/SisterSTRATA/src/ui/panels/TimelinePanel.hpp:7,
                 from /run/media/jpereiratrindade/labeco10T/dev/cpp/SisterSTRATA/src/ui/UI.hpp:14:
/run/media/jpereiratrindade/labeco10T/dev/cpp/SisterSTRATA/src/application/ports/ILLMService.hpp:7:24: note: ‘Application::Ports’ declared here
    7 | namespace Application::Ports {
      |                        ^~~~~
/run/media/jpereiratrindade/labeco10T/dev/cpp/SisterSTRATA/src/application/Session.hpp:37:58: error: template argument 1 is invalid
   37 |     void setLLMService(std::unique_ptr<Ports::ILLMService> llmService) {
      |                                                          ^
/run/media/jpereiratrindade/labeco10T/dev/cpp/SisterSTRATA/src/application/Session.hpp:37:58: error: template argument 2 is invalid
/run/media/jpereiratrindade/labeco10T/dev/cpp/SisterSTRATA/src/application/Session.hpp:37:40: error: ‘Ports’ was not declared in this scope; did you mean ‘Application::Ports’?
   37 |     void setLLMService(std::unique_ptr<Ports::ILLMService> llmService) {
      |                                        ^~~~~
      |                                        Application::Ports
/run/media/jpereiratrindade/labeco10T/dev/cpp/SisterSTRATA/src/application/ports/ILLMService.hpp:7:24: note: ‘Application::Ports’ declared here
    7 | namespace Application::Ports {
      |                        ^~~~~
/run/media/jpereiratrindade/labeco10T/dev/cpp/SisterSTRATA/src/application/Session.hpp:37:58: error: template argument 1 is invalid
   37 |     void setLLMService(std::unique_ptr<Ports::ILLMService> llmService) {
      |                                                          ^
/run/media/jpereiratrindade/labeco10T/dev/cpp/SisterSTRATA/src/application/Session.hpp:37:58: error: template argument 2 is invalid
/run/media/jpereiratrindade/labeco10T/dev/cpp/SisterSTRATA/src/application/Session.hpp:37:40: error: ‘Ports’ was not declared in this scope; did you mean ‘Application::Ports’?
   37 |     void setLLMService(std::unique_ptr<Ports::ILLMService> llmService) {
      |                                        ^~~~~
      |                                        Application::Ports
/run/media/jpereiratrindade/labeco10T/dev/cpp/SisterSTRATA/src/application/ports/ILLMService.hpp:7:24: note: ‘Application::Ports’ declared here
    7 | namespace Application::Ports {
      |                        ^~~~~
/run/media/jpereiratrindade/labeco10T/dev/cpp/SisterSTRATA/src/application/Session.hpp:37:58: error: template argument 1 is invalid
   37 |     void setLLMService(std::unique_ptr<Ports::ILLMService> llmService) {
      |                                                          ^
/run/media/jpereiratrindade/labeco10T/dev/cpp/SisterSTRATA/src/application/Session.hpp:37:58: error: template argument 2 is invalid
/run/media/jpereiratrindade/labeco10T/dev/cpp/SisterSTRATA/src/application/Session.hpp:37:40: error: ‘Ports’ was not declared in this scope; did you mean ‘Application::Ports’?
   37 |     void setLLMService(std::unique_ptr<Ports::ILLMService> llmService) {
      |                                        ^~~~~
      |                                        Application::Ports
/run/media/jpereiratrindade/labeco10T/dev/cpp/SisterSTRATA/src/application/ports/ILLMService.hpp:7:24: note: ‘Application::Ports’ declared here
    7 | namespace Application::Ports {
      |                        ^~~~~
/run/media/jpereiratrindade/labeco10T/dev/cpp/SisterSTRATA/src/application/Session.hpp:37:58: error: template argument 1 is invalid
   37 |     void setLLMService(std::unique_ptr<Ports::ILLMService> llmService) {
      |                                                          ^
/run/media/jpereiratrindade/labeco10T/dev/cpp/SisterSTRATA/src/application/Session.hpp:37:58: error: template argument 2 is invalid
/run/media/jpereiratrindade/labeco10T/dev/cpp/SisterSTRATA/src/application/Session.hpp:37:24: error: invalid template-id
   37 |     void setLLMService(std::unique_ptr<Ports::ILLMService> llmService) {
      |                        ^~~
/run/media/jpereiratrindade/labeco10T/dev/cpp/SisterSTRATA/src/application/Session.hpp:37:40: error: ‘Ports’ has not been declared
   37 |     void setLLMService(std::unique_ptr<Ports::ILLMService> llmService) {
      |                                        ^~~~~
/run/media/jpereiratrindade/labeco10T/dev/cpp/SisterSTRATA/src/application/Session.hpp:37:24: error: missing template argument list after ‘std::unique_ptr’; template placeholder not permitted in parameter
   37 |     void setLLMService(std::unique_ptr<Ports::ILLMService> llmService) {
      |                        ^~~
      |                           <>
/run/media/jpereiratrindade/labeco10T/dev/cpp/SisterSTRATA/src/application/Session.hpp:37:24: note: or use ‘auto’ for an abbreviated function template
In file included from /usr/include/c++/15/bits/shared_ptr_base.h:59,
                 from /usr/include/c++/15/bits/shared_ptr.h:53,
                 from /usr/include/c++/15/bits/fs_path.h:46,
                 from /usr/include/c++/15/filesystem:54,
                 from /run/media/jpereiratrindade/labeco10T/dev/cpp/SisterSTRATA/src/ui/components/FileSelector.hpp:4,
                 from /run/media/jpereiratrindade/labeco10T/dev/cpp/SisterSTRATA/src/ui/menus/MainMenu.hpp:4,
                 from /run/media/jpereiratrindade/labeco10T/dev/cpp/SisterSTRATA/src/ui/UI.hpp:8:
/usr/include/c++/15/bits/unique_ptr.h:270:11: note: ‘template<class _Tp, class _Dp> class std::unique_ptr’ declared here
  270 |     class unique_ptr
      |           ^~~~~~~~~~
/run/media/jpereiratrindade/labeco10T/dev/cpp/SisterSTRATA/src/application/Session.hpp:41:19: error: ‘Ports’ does not name a type
   41 |     [[nodiscard]] Ports::ILLMService* getLLMService() const {
      |                   ^~~~~
/run/media/jpereiratrindade/labeco10T/dev/cpp/SisterSTRATA/src/application/Session.hpp:49:21: error: ‘Ports’ was not declared in this scope; did you mean ‘Application::Ports’?
   49 |     std::unique_ptr<Ports::ILLMService> llmService_;
      |                     ^~~~~
      |                     Application::Ports
/run/media/jpereiratrindade/labeco10T/dev/cpp/SisterSTRATA/src/application/ports/ILLMService.hpp:7:24: note: ‘Application::Ports’ declared here
    7 | namespace Application::Ports {
      |                        ^~~~~
/run/media/jpereiratrindade/labeco10T/dev/cpp/SisterSTRATA/src/application/Session.hpp:49:39: error: template argument 1 is invalid
   49 |     std::unique_ptr<Ports::ILLMService> llmService_;
      |                                       ^
/run/media/jpereiratrindade/labeco10T/dev/cpp/SisterSTRATA/src/application/Session.hpp:49:39: error: template argument 2 is invalid
/run/media/jpereiratrindade/labeco10T/dev/cpp/SisterSTRATA/src/application/Session.hpp:49:10: error: ‘<expression error>’ in namespace ‘std’ does not name a type
   49 |     std::unique_ptr<Ports::ILLMService> llmService_;
      |          ^~~~~~~~~~~~~~~~~~~~~~~~~~~~~~
/run/media/jpereiratrindade/labeco10T/dev/cpp/SisterSTRATA/src/application/Session.hpp: In member function ‘void SisterSTRATA::Application::Session::setLLMService(...)’:
/run/media/jpereiratrindade/labeco10T/dev/cpp/SisterSTRATA/src/application/Session.hpp:38:9: error: ‘llmService_’ was not declared in this scope
   38 |         llmService_ = std::move(llmService);
      |         ^~~~~~~~~~~
/run/media/jpereiratrindade/labeco10T/dev/cpp/SisterSTRATA/src/application/Session.hpp:38:33: error: ‘llmService’ was not declared in this scope; did you mean ‘setLLMService’?
   38 |         llmService_ = std::move(llmService);
      |                                 ^~~~~~~~~~
      |                                 setLLMService
/run/media/jpereiratrindade/labeco10T/dev/cpp/SisterSTRATA/src/ui/UI.hpp: At global scope:
/run/media/jpereiratrindade/labeco10T/dev/cpp/SisterSTRATA/src/ui/UI.hpp:38:29: error: ‘Application::Session’ has not been declared
   38 |     void setupObservational(Application::Session* session); // New
      |                             ^~~~~~~~~~~
/run/media/jpereiratrindade/labeco10T/dev/cpp/SisterSTRATA/src/ui/UI.cpp:175:6: error: variable or field ‘setupObservational’ declared void
  175 | void UserInterface::setupObservational(Application::Session* session) {
      |      ^~~~~~~~~~~~~
/run/media/jpereiratrindade/labeco10T/dev/cpp/SisterSTRATA/src/ui/UI.cpp:175:53: error: ‘Session’ is not a member of ‘Application’; did you mean ‘SisterSTRATA::Application::Session’?
  175 | void UserInterface::setupObservational(Application::Session* session) {
      |                                                     ^~~~~~~
/run/media/jpereiratrindade/labeco10T/dev/cpp/SisterSTRATA/src/application/Session.hpp:11:7: note: ‘SisterSTRATA::Application::Session’ declared here
   11 | class Session {
      |       ^~~~~~~
/run/media/jpereiratrindade/labeco10T/dev/cpp/SisterSTRATA/src/ui/UI.cpp:175:62: error: ‘session’ was not declared in this scope
  175 | void UserInterface::setupObservational(Application::Session* session) {
      |                                                              ^~~~~~~
gmake[2]: *** [src/ui/CMakeFiles/ui.dir/build.make:79: src/ui/CMakeFiles/ui.dir/UI.cpp.o] Error 1
gmake[1]: *** [CMakeFiles/Makefile2:590: src/ui/CMakeFiles/ui.dir/all] Error 2
gmake: *** [Makefile:166: all] Error 2
