-- Using the multi-header code from /run/media/jpereiratrindade/labeco10T/dev/cpp/SisterSTRATA/build/_deps/json-src/include/
-- Configuring done (0.5s)
-- Generating done (0.0s)
-- Build files have been written to: /run/media/jpereiratrindade/labeco10T/dev/cpp/SisterSTRATA/build
[  2%] Built target Shaders
[  4%] Building CXX object src/core/CMakeFiles/core.dir/domain/fourth_dimension/TrajectoryPersistenceService.cpp.o
[  5%] Linking CXX static library ../../lib/libcore.a
[ 15%] Built target core
[ 17%] Linking CXX executable ../../bin/patch_analysis_tests
[ 18%] Linking CXX executable ../../bin/core_tests
[ 20%] Linking CXX executable ../../bin/soil_rasterizer_tests
[ 21%] Building CXX object src/ui/CMakeFiles/ui.dir/UI.cpp.o
[ 22%] Built target soil_rasterizer_tests
[ 24%] Built target core_tests
[ 25%] Built target patch_analysis_tests
[ 27%] Building CXX object src/ui/CMakeFiles/ui.dir/panels/TimelinePanel.cpp.o
[ 28%] Linking CXX executable ../../bin/patch_trajectory_test
[ 30%] Building CXX object tests/core/CMakeFiles/trajectory_lod_tests.dir/TestTrajectoryLOD.cpp.o
[ 31%] Built target patch_trajectory_test
[ 32%] Linking CXX executable ../../bin/trajectory_lod_tests
[ 32%] Built target trajectory_lod_tests
[ 34%] Linking CXX static library ../../lib/libui.a
[ 55%] Built target ui
[ 60%] Building CXX object src/world3d/CMakeFiles/world3d.dir/rendering/VulkanRenderer.cpp.o
[ 60%] Building CXX object src/world3d/CMakeFiles/world3d.dir/Engine.cpp.o
[ 60%] Building CXX object src/world3d/CMakeFiles/world3d.dir/World3D.cpp.o
[ 61%] Building CXX object src/world3d/CMakeFiles/world3d.dir/camera/Camera.cpp.o
[ 62%] Building CXX object src/world3d/CMakeFiles/world3d.dir/camera/CameraInputController.cpp.o
[ 64%] Linking CXX static library ../../lib/libworld3d.a
[ 77%] Built target world3d
[ 78%] Building CXX object src/application/CMakeFiles/application.dir/Session.cpp.o
[ 80%] Building CXX object src/application/CMakeFiles/application.dir/Application.cpp.o
[ 81%] Linking CXX static library ../../lib/libapplication.a
[ 81%] Built target application
[ 88%] Built target infrastructure
[ 90%] Linking CXX executable ../../bin/infrastructure_tests
[ 91%] Building CXX object tests/application/CMakeFiles/application_tests.dir/TestUseCases.cpp.o
[ 92%] Building CXX object tests/core/CMakeFiles/veg_vector_tests.dir/VegetationSystemVectorTest.cpp.o
[ 94%] Building CXX object CMakeFiles/SisterSTRATA.dir/src/main.cpp.o
[ 95%] Built target infrastructure_tests
[ 97%] Linking CXX executable ../../bin/application_tests
[ 97%] Built target application_tests
[ 98%] Linking CXX executable ../../bin/veg_vector_tests
[ 98%] Built target veg_vector_tests
[100%] Linking CXX executable bin/SisterSTRATA
[100%] Built target SisterSTRATA
