[  3%] Built target Shaders
[ 19%] Built target core
[ 21%] Building CXX object src/ui/CMakeFiles/ui.dir/UI.cpp.o
[ 22%] Building CXX object src/ui/CMakeFiles/ui.dir/panels/TimelinePanel.cpp.o
[ 24%] Building CXX object src/ui/CMakeFiles/ui.dir/panels/NarrativePanel.cpp.o
[ 26%] Building CXX object src/ui/CMakeFiles/ui.dir/panels/DiscursiveSystemPanel.cpp.o
[ 28%] Building CXX object src/ui/CMakeFiles/ui.dir/panels/RecommendationTrajectoryPanel.cpp.o
[ 29%] Linking CXX static library ../../lib/libui.a
[ 56%] Built target ui
[ 57%] Building CXX object src/world3d/CMakeFiles/world3d.dir/Engine.cpp.o
[ 59%] Linking CXX static library ../../lib/libworld3d.a
[ 82%] Built target world3d
[ 84%] Building CXX object src/application/CMakeFiles/application.dir/Session.cpp.o
[ 85%] Building CXX object src/application/CMakeFiles/application.dir/Application.cpp.o
[ 87%] Linking CXX static library ../../lib/libapplication.a
[ 87%] Built target application
[ 96%] Built target infrastructure
[ 98%] Building CXX object CMakeFiles/SisterSTRATA.dir/src/main.cpp.o
[100%] Linking CXX executable bin/SisterSTRATA
[100%] Built target SisterSTRATA
